// Jest Snapshot v1, https://goo.gl/fbAQLP

exports[`Register Fixtures Unit Spec should return the correct snapshot 1`] = `
{
  "fixtures": {
    "basic version": {
      "body": {
        "codename": "string",
        "from": "string",
        "is_beta": true,
        "is_deprecated": true,
        "is_hidden": true,
        "is_stable": true,
        "version": "string",
      },
    },
    "rc version with something else": {
      "body": {
        "from": "string",
        "version": "string",
      },
    },
  },
  "operation": "create version",
}
`;
